// Jest Snapshot v1, https://goo.gl/fbAQLP

exports[`Should match snapshot 1`] = `
<DocumentFragment>
  <div
    class="content"
  >
    <header
      class="header"
    >
      <div
        class="container d-flex justify-content-between"
      >
        <div
          class="d-flex left justify-content-center align-items-center"
        >
          <h6>
            BookStore CMS
          </h6>
        </div>
        <div
          class="d-flex right justify-content-center align-items-center"
        >
          <span
            class="d-flex justify-content-center align-items-center"
          >
            <i
              class="fas fa-user"
            />
          </span>
        </div>
      </div>
    </header>
    <div
      class="container mt-2"
    >
      <div
        class="p-3 mb-5"
      >
        <div>
          <div
            class="row"
          >
            <label
              class="form-label d-flex"
              for="category"
            >
              <select
                aria-label="Default select example"
                class="form-select"
                required=""
              >
                <option
                  value="All"
                >
                  All
                </option>
                <option
                  value="Fiction"
                >
                  Fiction
                </option>
                <option
                  value="Biography"
                >
                  Biography
                </option>
                <option
                  value="History"
                >
                  History
                </option>
                <option
                  value="Horror"
                >
                  Horror
                </option>
                <option
                  value="Kids"
                >
                  Kids
                </option>
                <option
                  value="Learning"
                >
                  Learning
                </option>
                <option
                  value="Sci-Fi"
                >
                  Sci-Fi
                </option>
              </select>
            </label>
          </div>
        </div>
        <div
          class="listItems"
        >
          <div
            class="item bg-body rounded mt-3 p-4"
          >
            <div
              class="row"
            >
              <div
                class="d-flex flex-column col-lg-5"
              >
                <span
                  class="category"
                >
                  kids
                </span>
                <span
                  class="title"
                >
                  Title
                </span>
                <span
                  class="id"
                >
                  SJSJ887NSKNKBK
                </span>
                <div
                  class="pt-3"
                >
                  <button
                    class="delButton"
                    data-id="SJSJ887NSKNKBK"
                    type="button"
                  >
                    Delete
                  </button>
                </div>
              </div>
              <div
                class="col-lg-4 d-flex progress-cont justify-content-center align-items-center"
              >
                <div
                  class="d-flex flex-row pro-div"
                >
                  <div
                    class="progress-cicl"
                  >
                    <svg
                      class="CircularProgressbar "
                      data-test-id="CircularProgressbar"
                      viewBox="0 0 100 100"
                    >
                      <path
                        class="CircularProgressbar-trail"
                        d="
      M 50,50
      m 0,-46
      a 46,46 0 1 1 0,92
      a 46,46 0 1 1 0,-92
    "
                        fill-opacity="0"
                        stroke-width="8"
                        style="stroke-dasharray: 289.02652413026095px 289.02652413026095px; stroke-dashoffset: 0px;"
                      />
                      <path
                        class="CircularProgressbar-path"
                        d="
      M 50,50
      m 0,-46
      a 46,46 0 1 1 0,92
      a 46,46 0 1 1 0,-92
    "
                        fill-opacity="0"
                        stroke-width="8"
                        style="stroke-dasharray: 289.02652413026095px 289.02652413026095px; stroke-dashoffset: 167.63538399555136px;"
                      />
                    </svg>
                  </div>
                  <div
                    class="progress-desc d-flex flex-column pl-3"
                  >
                    <span
                      class="num-p"
                    >
                      42%
                    </span>
                    <small>
                      Completed
                    </small>
                  </div>
                </div>
              </div>
              <div
                class="col-lg-3 progress-info d-flex justify-content-center align-items-center mt-sm-3"
              >
                <div
                  class="d-flex flex-column ml-3"
                >
                  <span
                    class="p-info-c-c ml-3"
                  >
                    CURRENT CHAPTER
                  </span>
                  <span
                    class="p-info-c"
                  >
                    Chapter 12
                  </span>
                  <button
                    class="btn btn-primary px-3 mt-2"
                    type="button"
                  >
                    UPDATE PROGRESS
                  </button>
                </div>
              </div>
            </div>
          </div>
        </div>
      </div>
    </div>
    <div
      class="container line"
    />
    <div
      class="container mt-2"
    >
      <form>
        <div
          class="container bookform"
        >
          <span
            class="title"
          >
            ADD NEW BOOK
          </span>
          <div
            class="d-flex row mt-3"
          >
            <div
              class="col-lg-7"
            >
              <input
                class="form-control"
                id="title"
                name="title"
                placeholder="Title"
                required=""
                type="text"
                value=""
              />
            </div>
            <div
              class="col-lg-3"
            >
              <select
                aria-label="Default select example"
                class="form-select"
                name="category"
                required=""
              >
                <option
                  value="Fiction"
                >
                  Fiction
                </option>
                <option
                  value="Biography"
                >
                  Biography
                </option>
                <option
                  value="History"
                >
                  History
                </option>
                <option
                  value="Horror"
                >
                  Horror
                </option>
                <option
                  value="Kids"
                >
                  Kids
                </option>
                <option
                  value="Learning"
                >
                  Learning
                </option>
                <option
                  value="Sci-Fi"
                >
                  Sci-Fi
                </option>
              </select>
            </div>
            <div
              class="col-lg-2"
            >
              <button
                class="btn btn-primary px-5"
                type="submit"
              >
                ADD BOOK
              </button>
            </div>
          </div>
        </div>
      </form>
    </div>
  </div>
</DocumentFragment>
`;
