// Jest Snapshot v1, https://goo.gl/fbAQLP

exports[`Should match snapshot 1`] = `
<DocumentFragment>
  <div
    class="container"
  >
    <div
      class="container mt-5"
    >
      <form>
        <div
          class="mb-3"
        >
          <label
            class="form-label"
            for="title"
          >
            Title
          </label>
          <input
            class="form-control"
            id="title"
            name="title"
            placeholder="Title"
            required=""
            type="text"
          />
        </div>
        <select
          aria-label="Default select example"
          class="form-select"
          name="category"
          required=""
        >
          <option>
            Select category
          </option>
          <option
            value="Fiction"
          >
            Fiction
          </option>
          <option
            value="Biography"
          >
            Biography
          </option>
          <option
            value="History"
          >
            History
          </option>
          <option
            value="Horror"
          >
            Horror
          </option>
          <option
            value="Kids"
          >
            Kids
          </option>
          <option
            value="Learning"
          >
            Learning
          </option>
          <option
            value="Sci-Fi"
          >
            Sci-Fi
          </option>
        </select>
        <button
          class="btn btn-primary mt-3"
          type="submit"
        >
          Submit
        </button>
      </form>
    </div>
    <div
      class="container mt-3"
    >
      <table
        class="table table-striped"
      >
        <thead>
          <tr>
            <th>
              #
            </th>
            <th>
              Id
            </th>
            <th>
              Title
            </th>
            <th>
              Category
            </th>
            <th>
              Action
            </th>
          </tr>
        </thead>
        <tbody>
          <tr>
            <td>
              0
            </td>
            <td>
              SJSJ887NSKNKBK
            </td>
            <td>
              Title
            </td>
            <td>
              kids
            </td>
            <td>
              <button
                class="badge bg-danger"
                data-id="SJSJ887NSKNKBK"
                type="button"
              >
                Delete
              </button>
            </td>
          </tr>
        </tbody>
      </table>
    </div>
  </div>
</DocumentFragment>
`;
